version https://git-lfs.github.com/spec/v1
oid sha256:c159e4872ad04a4736e54ac1383a9e2e682c889856b53a347fbd0319255dff9e
size 106496
